Archive member included to satisfy reference by file (symbol)

c:/program files (x86)/atmel/studio/7.0/toolchain/avr8/avr8-gnu-toolchain/bin/../lib/gcc/avr/5.4.0/avr5\libgcc.a(_exit.o)
                              C:/Program Files (x86)/Atmel/Studio/7.0/Packs/atmel/ATmega_DFP/1.6.364/gcc/dev/atmega32/avr5/crtatmega32.o (exit)
c:/program files (x86)/atmel/studio/7.0/toolchain/avr8/avr8-gnu-toolchain/bin/../lib/gcc/avr/5.4.0/avr5\libgcc.a(_tablejump2.o)
                              MCAL/TIMER/TIMER_prog.o (__tablejump2__)
c:/program files (x86)/atmel/studio/7.0/toolchain/avr8/avr8-gnu-toolchain/bin/../lib/gcc/avr/5.4.0/avr5\libgcc.a(_copy_data.o)
                              APP/APP_prog.o (__do_copy_data)
c:/program files (x86)/atmel/studio/7.0/toolchain/avr8/avr8-gnu-toolchain/bin/../lib/gcc/avr/5.4.0/avr5\libgcc.a(_clear_bss.o)
                              APP/APP_prog.o (__do_clear_bss)

Discarded input sections

 .data          0x00000000        0x0 C:/Program Files (x86)/Atmel/Studio/7.0/Packs/atmel/ATmega_DFP/1.6.364/gcc/dev/atmega32/avr5/crtatmega32.o
 .bss           0x00000000        0x0 C:/Program Files (x86)/Atmel/Studio/7.0/Packs/atmel/ATmega_DFP/1.6.364/gcc/dev/atmega32/avr5/crtatmega32.o
 .text          0x00000000        0x0 APP/APP_prog.o
 .data          0x00000000        0x0 APP/APP_prog.o
 .bss           0x00000000        0x0 APP/APP_prog.o
 .text          0x00000000        0x0 HAL/BUTTON/BUTTON_prog.o
 .data          0x00000000        0x0 HAL/BUTTON/BUTTON_prog.o
 .bss           0x00000000        0x0 HAL/BUTTON/BUTTON_prog.o
 .text          0x00000000        0x0 HAL/CAR_CONTROL/CAR_CONTROL_prog.o
 .data          0x00000000        0x0 HAL/CAR_CONTROL/CAR_CONTROL_prog.o
 .bss           0x00000000        0x0 HAL/CAR_CONTROL/CAR_CONTROL_prog.o
 .text          0x00000000        0x0 HAL/EXTI_manager/EXTI_manager_prog.o
 .data          0x00000000        0x0 HAL/EXTI_manager/EXTI_manager_prog.o
 .bss           0x00000000        0x0 HAL/EXTI_manager/EXTI_manager_prog.o
 .text          0x00000000        0x0 HAL/LED/LED_prog.o
 .data          0x00000000        0x0 HAL/LED/LED_prog.o
 .bss           0x00000000        0x0 HAL/LED/LED_prog.o
 .text          0x00000000        0x0 HAL/MOTOR/MOTOR_prog.o
 .data          0x00000000        0x0 HAL/MOTOR/MOTOR_prog.o
 .bss           0x00000000        0x0 HAL/MOTOR/MOTOR_prog.o
 .text          0x00000000        0x0 HAL/TIMER_manager/TIMER_manger_prog.o
 .data          0x00000000        0x0 HAL/TIMER_manager/TIMER_manger_prog.o
 .bss           0x00000000        0x0 HAL/TIMER_manager/TIMER_manger_prog.o
 .text          0x00000000        0x0 main.o
 .data          0x00000000        0x0 main.o
 .bss           0x00000000        0x0 main.o
 .text          0x00000000        0x0 MCAL/DIO/DIO_prog.o
 .data          0x00000000        0x0 MCAL/DIO/DIO_prog.o
 .bss           0x00000000        0x0 MCAL/DIO/DIO_prog.o
 .text          0x00000000        0x0 MCAL/EXTI/EXTI_prog.o
 .data          0x00000000        0x0 MCAL/EXTI/EXTI_prog.o
 .bss           0x00000000        0x0 MCAL/EXTI/EXTI_prog.o
 .text          0x00000000        0x0 MCAL/TIMER/TIMER_prog.o
 .data          0x00000000        0x0 MCAL/TIMER/TIMER_prog.o
 .bss           0x00000000        0x0 MCAL/TIMER/TIMER_prog.o
 .text.TIMERx_CTC_SetCompare
                0x00000000       0x2c MCAL/TIMER/TIMER_prog.o
 .text.TIMERx_reset
                0x00000000       0x48 MCAL/TIMER/TIMER_prog.o
 .text          0x00000000        0x0 c:/program files (x86)/atmel/studio/7.0/toolchain/avr8/avr8-gnu-toolchain/bin/../lib/gcc/avr/5.4.0/avr5\libgcc.a(_exit.o)
 .data          0x00000000        0x0 c:/program files (x86)/atmel/studio/7.0/toolchain/avr8/avr8-gnu-toolchain/bin/../lib/gcc/avr/5.4.0/avr5\libgcc.a(_exit.o)
 .bss           0x00000000        0x0 c:/program files (x86)/atmel/studio/7.0/toolchain/avr8/avr8-gnu-toolchain/bin/../lib/gcc/avr/5.4.0/avr5\libgcc.a(_exit.o)
 .text.libgcc.mul
                0x00000000        0x0 c:/program files (x86)/atmel/studio/7.0/toolchain/avr8/avr8-gnu-toolchain/bin/../lib/gcc/avr/5.4.0/avr5\libgcc.a(_exit.o)
 .text.libgcc.div
                0x00000000        0x0 c:/program files (x86)/atmel/studio/7.0/toolchain/avr8/avr8-gnu-toolchain/bin/../lib/gcc/avr/5.4.0/avr5\libgcc.a(_exit.o)
 .text.libgcc   0x00000000        0x0 c:/program files (x86)/atmel/studio/7.0/toolchain/avr8/avr8-gnu-toolchain/bin/../lib/gcc/avr/5.4.0/avr5\libgcc.a(_exit.o)
 .text.libgcc.prologue
                0x00000000        0x0 c:/program files (x86)/atmel/studio/7.0/toolchain/avr8/avr8-gnu-toolchain/bin/../lib/gcc/avr/5.4.0/avr5\libgcc.a(_exit.o)
 .text.libgcc.builtins
                0x00000000        0x0 c:/program files (x86)/atmel/studio/7.0/toolchain/avr8/avr8-gnu-toolchain/bin/../lib/gcc/avr/5.4.0/avr5\libgcc.a(_exit.o)
 .text.libgcc.fmul
                0x00000000        0x0 c:/program files (x86)/atmel/studio/7.0/toolchain/avr8/avr8-gnu-toolchain/bin/../lib/gcc/avr/5.4.0/avr5\libgcc.a(_exit.o)
 .text.libgcc.fixed
                0x00000000        0x0 c:/program files (x86)/atmel/studio/7.0/toolchain/avr8/avr8-gnu-toolchain/bin/../lib/gcc/avr/5.4.0/avr5\libgcc.a(_exit.o)
 .text          0x00000000        0x0 c:/program files (x86)/atmel/studio/7.0/toolchain/avr8/avr8-gnu-toolchain/bin/../lib/gcc/avr/5.4.0/avr5\libgcc.a(_tablejump2.o)
 .data          0x00000000        0x0 c:/program files (x86)/atmel/studio/7.0/toolchain/avr8/avr8-gnu-toolchain/bin/../lib/gcc/avr/5.4.0/avr5\libgcc.a(_tablejump2.o)
 .bss           0x00000000        0x0 c:/program files (x86)/atmel/studio/7.0/toolchain/avr8/avr8-gnu-toolchain/bin/../lib/gcc/avr/5.4.0/avr5\libgcc.a(_tablejump2.o)
 .text.libgcc.mul
                0x00000000        0x0 c:/program files (x86)/atmel/studio/7.0/toolchain/avr8/avr8-gnu-toolchain/bin/../lib/gcc/avr/5.4.0/avr5\libgcc.a(_tablejump2.o)
 .text.libgcc.div
                0x00000000        0x0 c:/program files (x86)/atmel/studio/7.0/toolchain/avr8/avr8-gnu-toolchain/bin/../lib/gcc/avr/5.4.0/avr5\libgcc.a(_tablejump2.o)
 .text.libgcc.prologue
                0x00000000        0x0 c:/program files (x86)/atmel/studio/7.0/toolchain/avr8/avr8-gnu-toolchain/bin/../lib/gcc/avr/5.4.0/avr5\libgcc.a(_tablejump2.o)
 .text.libgcc.builtins
                0x00000000        0x0 c:/program files (x86)/atmel/studio/7.0/toolchain/avr8/avr8-gnu-toolchain/bin/../lib/gcc/avr/5.4.0/avr5\libgcc.a(_tablejump2.o)
 .text.libgcc.fmul
                0x00000000        0x0 c:/program files (x86)/atmel/studio/7.0/toolchain/avr8/avr8-gnu-toolchain/bin/../lib/gcc/avr/5.4.0/avr5\libgcc.a(_tablejump2.o)
 .text.libgcc.fixed
                0x00000000        0x0 c:/program files (x86)/atmel/studio/7.0/toolchain/avr8/avr8-gnu-toolchain/bin/../lib/gcc/avr/5.4.0/avr5\libgcc.a(_tablejump2.o)
 .text          0x00000000        0x0 c:/program files (x86)/atmel/studio/7.0/toolchain/avr8/avr8-gnu-toolchain/bin/../lib/gcc/avr/5.4.0/avr5\libgcc.a(_copy_data.o)
 .data          0x00000000        0x0 c:/program files (x86)/atmel/studio/7.0/toolchain/avr8/avr8-gnu-toolchain/bin/../lib/gcc/avr/5.4.0/avr5\libgcc.a(_copy_data.o)
 .bss           0x00000000        0x0 c:/program files (x86)/atmel/studio/7.0/toolchain/avr8/avr8-gnu-toolchain/bin/../lib/gcc/avr/5.4.0/avr5\libgcc.a(_copy_data.o)
 .text.libgcc.mul
                0x00000000        0x0 c:/program files (x86)/atmel/studio/7.0/toolchain/avr8/avr8-gnu-toolchain/bin/../lib/gcc/avr/5.4.0/avr5\libgcc.a(_copy_data.o)
 .text.libgcc.div
                0x00000000        0x0 c:/program files (x86)/atmel/studio/7.0/toolchain/avr8/avr8-gnu-toolchain/bin/../lib/gcc/avr/5.4.0/avr5\libgcc.a(_copy_data.o)
 .text.libgcc   0x00000000        0x0 c:/program files (x86)/atmel/studio/7.0/toolchain/avr8/avr8-gnu-toolchain/bin/../lib/gcc/avr/5.4.0/avr5\libgcc.a(_copy_data.o)
 .text.libgcc.prologue
                0x00000000        0x0 c:/program files (x86)/atmel/studio/7.0/toolchain/avr8/avr8-gnu-toolchain/bin/../lib/gcc/avr/5.4.0/avr5\libgcc.a(_copy_data.o)
 .text.libgcc.builtins
                0x00000000        0x0 c:/program files (x86)/atmel/studio/7.0/toolchain/avr8/avr8-gnu-toolchain/bin/../lib/gcc/avr/5.4.0/avr5\libgcc.a(_copy_data.o)
 .text.libgcc.fmul
                0x00000000        0x0 c:/program files (x86)/atmel/studio/7.0/toolchain/avr8/avr8-gnu-toolchain/bin/../lib/gcc/avr/5.4.0/avr5\libgcc.a(_copy_data.o)
 .text.libgcc.fixed
                0x00000000        0x0 c:/program files (x86)/atmel/studio/7.0/toolchain/avr8/avr8-gnu-toolchain/bin/../lib/gcc/avr/5.4.0/avr5\libgcc.a(_copy_data.o)
 .text          0x00000000        0x0 c:/program files (x86)/atmel/studio/7.0/toolchain/avr8/avr8-gnu-toolchain/bin/../lib/gcc/avr/5.4.0/avr5\libgcc.a(_clear_bss.o)
 .data          0x00000000        0x0 c:/program files (x86)/atmel/studio/7.0/toolchain/avr8/avr8-gnu-toolchain/bin/../lib/gcc/avr/5.4.0/avr5\libgcc.a(_clear_bss.o)
 .bss           0x00000000        0x0 c:/program files (x86)/atmel/studio/7.0/toolchain/avr8/avr8-gnu-toolchain/bin/../lib/gcc/avr/5.4.0/avr5\libgcc.a(_clear_bss.o)
 .text.libgcc.mul
                0x00000000        0x0 c:/program files (x86)/atmel/studio/7.0/toolchain/avr8/avr8-gnu-toolchain/bin/../lib/gcc/avr/5.4.0/avr5\libgcc.a(_clear_bss.o)
 .text.libgcc.div
                0x00000000        0x0 c:/program files (x86)/atmel/studio/7.0/toolchain/avr8/avr8-gnu-toolchain/bin/../lib/gcc/avr/5.4.0/avr5\libgcc.a(_clear_bss.o)
 .text.libgcc   0x00000000        0x0 c:/program files (x86)/atmel/studio/7.0/toolchain/avr8/avr8-gnu-toolchain/bin/../lib/gcc/avr/5.4.0/avr5\libgcc.a(_clear_bss.o)
 .text.libgcc.prologue
                0x00000000        0x0 c:/program files (x86)/atmel/studio/7.0/toolchain/avr8/avr8-gnu-toolchain/bin/../lib/gcc/avr/5.4.0/avr5\libgcc.a(_clear_bss.o)
 .text.libgcc.builtins
                0x00000000        0x0 c:/program files (x86)/atmel/studio/7.0/toolchain/avr8/avr8-gnu-toolchain/bin/../lib/gcc/avr/5.4.0/avr5\libgcc.a(_clear_bss.o)
 .text.libgcc.fmul
                0x00000000        0x0 c:/program files (x86)/atmel/studio/7.0/toolchain/avr8/avr8-gnu-toolchain/bin/../lib/gcc/avr/5.4.0/avr5\libgcc.a(_clear_bss.o)
 .text.libgcc.fixed
                0x00000000        0x0 c:/program files (x86)/atmel/studio/7.0/toolchain/avr8/avr8-gnu-toolchain/bin/../lib/gcc/avr/5.4.0/avr5\libgcc.a(_clear_bss.o)

Memory Configuration

Name             Origin             Length             Attributes
text             0x00000000         0x00008000         xr
data             0x00800060         0x00000800         rw !x
eeprom           0x00810000         0x00000400         rw !x
fuse             0x00820000         0x00000002         rw !x
lock             0x00830000         0x00000400         rw !x
signature        0x00840000         0x00000400         rw !x
user_signatures  0x00850000         0x00000400         rw !x
*default*        0x00000000         0xffffffff

Linker script and memory map

LOAD C:/Program Files (x86)/Atmel/Studio/7.0/Packs/atmel/ATmega_DFP/1.6.364/gcc/dev/atmega32/avr5/crtatmega32.o
LOAD APP/APP_prog.o
LOAD HAL/BUTTON/BUTTON_prog.o
LOAD HAL/CAR_CONTROL/CAR_CONTROL_prog.o
LOAD HAL/EXTI_manager/EXTI_manager_prog.o
LOAD HAL/LED/LED_prog.o
LOAD HAL/MOTOR/MOTOR_prog.o
LOAD HAL/TIMER_manager/TIMER_manger_prog.o
LOAD main.o
LOAD MCAL/DIO/DIO_prog.o
LOAD MCAL/EXTI/EXTI_prog.o
LOAD MCAL/TIMER/TIMER_prog.o
START GROUP
LOAD c:/program files (x86)/atmel/studio/7.0/toolchain/avr8/avr8-gnu-toolchain/bin/../lib/gcc/avr/5.4.0/../../../../avr/lib/avr5\libm.a
END GROUP
START GROUP
LOAD c:/program files (x86)/atmel/studio/7.0/toolchain/avr8/avr8-gnu-toolchain/bin/../lib/gcc/avr/5.4.0/avr5\libgcc.a
LOAD c:/program files (x86)/atmel/studio/7.0/toolchain/avr8/avr8-gnu-toolchain/bin/../lib/gcc/avr/5.4.0/../../../../avr/lib/avr5\libm.a
LOAD c:/program files (x86)/atmel/studio/7.0/toolchain/avr8/avr8-gnu-toolchain/bin/../lib/gcc/avr/5.4.0/../../../../avr/lib/avr5\libc.a
LOAD C:/Program Files (x86)/Atmel/Studio/7.0/Packs/atmel/ATmega_DFP/1.6.364/gcc/dev/atmega32/avr5\libatmega32.a
END GROUP
                0x00000000                __TEXT_REGION_ORIGIN__ = DEFINED (__TEXT_REGION_ORIGIN__)?__TEXT_REGION_ORIGIN__:0x0
                [0x00800060]                __DATA_REGION_ORIGIN__ = DEFINED (__DATA_REGION_ORIGIN__)?__DATA_REGION_ORIGIN__:0x800060
                [0x00008000]                __TEXT_REGION_LENGTH__ = DEFINED (__TEXT_REGION_LENGTH__)?__TEXT_REGION_LENGTH__:0x20000
                [0x00000800]                __DATA_REGION_LENGTH__ = DEFINED (__DATA_REGION_LENGTH__)?__DATA_REGION_LENGTH__:0xffa0
                [0x00000400]                __EEPROM_REGION_LENGTH__ = DEFINED (__EEPROM_REGION_LENGTH__)?__EEPROM_REGION_LENGTH__:0x10000
                [0x00000002]                __FUSE_REGION_LENGTH__ = DEFINED (__FUSE_REGION_LENGTH__)?__FUSE_REGION_LENGTH__:0x400
                0x00000400                __LOCK_REGION_LENGTH__ = DEFINED (__LOCK_REGION_LENGTH__)?__LOCK_REGION_LENGTH__:0x400
                0x00000400                __SIGNATURE_REGION_LENGTH__ = DEFINED (__SIGNATURE_REGION_LENGTH__)?__SIGNATURE_REGION_LENGTH__:0x400
                0x00000400                __USER_SIGNATURE_REGION_LENGTH__ = DEFINED (__USER_SIGNATURE_REGION_LENGTH__)?__USER_SIGNATURE_REGION_LENGTH__:0x400

.hash
 *(.hash)

.dynsym
 *(.dynsym)

.dynstr
 *(.dynstr)

.gnu.version
 *(.gnu.version)

.gnu.version_d
 *(.gnu.version_d)

.gnu.version_r
 *(.gnu.version_r)

.rel.init
 *(.rel.init)

.rela.init
 *(.rela.init)

.rel.text
 *(.rel.text)
 *(.rel.text.*)
 *(.rel.gnu.linkonce.t*)

.rela.text
 *(.rela.text)
 *(.rela.text.*)
 *(.rela.gnu.linkonce.t*)

.rel.fini
 *(.rel.fini)

.rela.fini
 *(.rela.fini)

.rel.rodata
 *(.rel.rodata)
 *(.rel.rodata.*)
 *(.rel.gnu.linkonce.r*)

.rela.rodata
 *(.rela.rodata)
 *(.rela.rodata.*)
 *(.rela.gnu.linkonce.r*)

.rel.data
 *(.rel.data)
 *(.rel.data.*)
 *(.rel.gnu.linkonce.d*)

.rela.data
 *(.rela.data)
 *(.rela.data.*)
 *(.rela.gnu.linkonce.d*)

.rel.ctors
 *(.rel.ctors)

.rela.ctors
 *(.rela.ctors)

.rel.dtors
 *(.rel.dtors)

.rela.dtors
 *(.rela.dtors)

.rel.got
 *(.rel.got)

.rela.got
 *(.rela.got)

.rel.bss
 *(.rel.bss)

.rela.bss
 *(.rela.bss)

.rel.plt
 *(.rel.plt)

.rela.plt
 *(.rela.plt)

.text           0x00000000     0x154e
 *(.vectors)
 .vectors       0x00000000       0x54 C:/Program Files (x86)/Atmel/Studio/7.0/Packs/atmel/ATmega_DFP/1.6.364/gcc/dev/atmega32/avr5/crtatmega32.o
                0x00000000                __vector_default
                0x00000000                __vectors
 *(.vectors)
 *(.progmem.gcc*)
 .progmem.gcc_sw_table.TIMERx_selectClk
                0x00000054       0x38 MCAL/TIMER/TIMER_prog.o
                0x0000008c                . = ALIGN (0x2)
                0x0000008c                __trampolines_start = .
 *(.trampolines)
 .trampolines   0x0000008c        0x0 linker stubs
 *(.trampolines*)
                0x0000008c                __trampolines_end = .
 *libprintf_flt.a:*(.progmem.data)
 *libc.a:*(.progmem.data)
 *(.progmem*)
                0x0000008c                . = ALIGN (0x2)
 *(.jumptables)
 *(.jumptables*)
 *(.lowtext)
 *(.lowtext*)
                0x0000008c                __ctors_start = .
 *(.ctors)
                0x0000008c                __ctors_end = .
                0x0000008c                __dtors_start = .
 *(.dtors)
                0x0000008c                __dtors_end = .
 SORT(*)(.ctors)
 SORT(*)(.dtors)
 *(.init0)
 .init0         0x0000008c        0x0 C:/Program Files (x86)/Atmel/Studio/7.0/Packs/atmel/ATmega_DFP/1.6.364/gcc/dev/atmega32/avr5/crtatmega32.o
                0x0000008c                __init
 *(.init0)
 *(.init1)
 *(.init1)
 *(.init2)
 .init2         0x0000008c        0xc C:/Program Files (x86)/Atmel/Studio/7.0/Packs/atmel/ATmega_DFP/1.6.364/gcc/dev/atmega32/avr5/crtatmega32.o
 *(.init2)
 *(.init3)
 *(.init3)
 *(.init4)
 .init4         0x00000098       0x16 c:/program files (x86)/atmel/studio/7.0/toolchain/avr8/avr8-gnu-toolchain/bin/../lib/gcc/avr/5.4.0/avr5\libgcc.a(_copy_data.o)
                0x00000098                __do_copy_data
 .init4         0x000000ae       0x10 c:/program files (x86)/atmel/studio/7.0/toolchain/avr8/avr8-gnu-toolchain/bin/../lib/gcc/avr/5.4.0/avr5\libgcc.a(_clear_bss.o)
                0x000000ae                __do_clear_bss
 *(.init4)
 *(.init5)
 *(.init5)
 *(.init6)
 *(.init6)
 *(.init7)
 *(.init7)
 *(.init8)
 *(.init8)
 *(.init9)
 .init9         0x000000be        0x8 C:/Program Files (x86)/Atmel/Studio/7.0/Packs/atmel/ATmega_DFP/1.6.364/gcc/dev/atmega32/avr5/crtatmega32.o
 *(.init9)
 *(.text)
 .text          0x000000c6        0x4 C:/Program Files (x86)/Atmel/Studio/7.0/Packs/atmel/ATmega_DFP/1.6.364/gcc/dev/atmega32/avr5/crtatmega32.o
                0x000000c6                __vector_12
                0x000000c6                __bad_interrupt
                0x000000c6                __vector_6
                0x000000c6                __vector_3
                0x000000c6                __vector_13
                0x000000c6                __vector_17
                0x000000c6                __vector_19
                0x000000c6                __vector_7
                0x000000c6                __vector_5
                0x000000c6                __vector_4
                0x000000c6                __vector_2
                0x000000c6                __vector_15
                0x000000c6                __vector_8
                0x000000c6                __vector_14
                0x000000c6                __vector_10
                0x000000c6                __vector_16
                0x000000c6                __vector_18
                0x000000c6                __vector_20
                0x000000ca                . = ALIGN (0x2)
 *(.text.*)
 .text.APP_extInt0OvfHandeler
                0x000000ca       0x10 APP/APP_prog.o
 .text.APP_timer1OvfHandeler
                0x000000da       0x16 APP/APP_prog.o
 .text.APP_timer0OvfHandeler
                0x000000f0       0x16 APP/APP_prog.o
 .text.APP_init
                0x00000106       0x6a APP/APP_prog.o
 .text.APP_stop
                0x00000170       0x2e APP/APP_prog.o
 .text.APP_stopState
                0x0000019e       0x44 APP/APP_prog.o
 .text.APP_longSide
                0x000001e2       0x6c APP/APP_prog.o
 .text.APP_shortSide
                0x0000024e       0x6c APP/APP_prog.o
 .text.App_rotate
                0x000002ba       0x6c APP/APP_prog.o
 .text.APP_startState
                0x00000326       0xca APP/APP_prog.o
 .text.APP_start
                0x000003f0       0x22 APP/APP_prog.o
                0x000003f0                APP_start
 .text.BTN_init
                0x00000412       0x18 HAL/BUTTON/BUTTON_prog.o
                0x00000412                BTN_init
 .text.BTN_get_state
                0x0000042a       0xb4 HAL/BUTTON/BUTTON_prog.o
                0x0000042a                BTN_get_state
 .text.CAR_INIT
                0x000004de       0x3e HAL/CAR_CONTROL/CAR_CONTROL_prog.o
                0x000004de                CAR_INIT
 .text.CAR_FORWARD
                0x0000051c       0x3e HAL/CAR_CONTROL/CAR_CONTROL_prog.o
                0x0000051c                CAR_FORWARD
 .text.CAR_REVERSE_RIGHT
                0x0000055a       0x3e HAL/CAR_CONTROL/CAR_CONTROL_prog.o
                0x0000055a                CAR_REVERSE_RIGHT
 .text.CAR_STOP
                0x00000598       0x3e HAL/CAR_CONTROL/CAR_CONTROL_prog.o
                0x00000598                CAR_STOP
 .text.extim_init
                0x000005d6       0x3a HAL/EXTI_manager/EXTI_manager_prog.o
                0x000005d6                extim_init
 .text.extim_enable
                0x00000610       0x14 HAL/EXTI_manager/EXTI_manager_prog.o
                0x00000610                extim_enable
 .text.extim_disable
                0x00000624       0x14 HAL/EXTI_manager/EXTI_manager_prog.o
                0x00000624                extim_disable
 .text.LED_init
                0x00000638       0x30 HAL/LED/LED_prog.o
                0x00000638                LED_init
 .text.LED_off  0x00000668       0x30 HAL/LED/LED_prog.o
                0x00000668                LED_off
 .text.LED_on   0x00000698       0x30 HAL/LED/LED_prog.o
                0x00000698                LED_on
 .text.MOTOR_INIT
                0x000006c8       0x38 HAL/MOTOR/MOTOR_prog.o
                0x000006c8                MOTOR_INIT
 .text.MOTOR_FORWARD
                0x00000700       0x38 HAL/MOTOR/MOTOR_prog.o
                0x00000700                MOTOR_FORWARD
 .text.MOTOR_BACKWARD
                0x00000738       0x38 HAL/MOTOR/MOTOR_prog.o
                0x00000738                MOTOR_BACKWARD
 .text.MOTOR_STOP
                0x00000770       0x38 HAL/MOTOR/MOTOR_prog.o
                0x00000770                MOTOR_STOP
 .text.TIMER_MANGER_init
                0x000007a8       0x4a HAL/TIMER_manager/TIMER_manger_prog.o
                0x000007a8                TIMER_MANGER_init
 .text.TIMER_MANGER_start
                0x000007f2       0x16 HAL/TIMER_manager/TIMER_manger_prog.o
                0x000007f2                TIMER_MANGER_start
 .text.TIMER_MANGER_stop
                0x00000808        0xe HAL/TIMER_manager/TIMER_manger_prog.o
                0x00000808                TIMER_MANGER_stop
 .text.TIMER_MANGER_setValue
                0x00000816        0xe HAL/TIMER_manager/TIMER_manger_prog.o
                0x00000816                TIMER_MANGER_setValue
 .text.main     0x00000824        0xa main.o
                0x00000824                main
 .text.DIO_init
                0x0000082e       0x74 MCAL/DIO/DIO_prog.o
                0x0000082e                DIO_init
 .text.DIO_write_pin
                0x000008a2       0xf6 MCAL/DIO/DIO_prog.o
                0x000008a2                DIO_write_pin
 .text.DIO_read_pin
                0x00000998       0xd6 MCAL/DIO/DIO_prog.o
                0x00000998                DIO_read_pin
 .text.ext_interrupt_init
                0x00000a6e       0x32 MCAL/EXTI/EXTI_prog.o
                0x00000a6e                ext_interrupt_init
 .text.ext_interrupt_enable
                0x00000aa0       0x1c MCAL/EXTI/EXTI_prog.o
                0x00000aa0                ext_interrupt_enable
 .text.ext_interrupt_disable
                0x00000abc       0x1c MCAL/EXTI/EXTI_prog.o
                0x00000abc                ext_interrupt_disable
 .text.ext_interrupt_set_callback_init
                0x00000ad8       0x24 MCAL/EXTI/EXTI_prog.o
                0x00000ad8                ext_interrupt_set_callback_init
 .text.__vector_1
                0x00000afc       0x4e MCAL/EXTI/EXTI_prog.o
                0x00000afc                __vector_1
 .text.TIMERx_selectClk
                0x00000b4a      0x286 MCAL/TIMER/TIMER_prog.o
 .text.TIMERx_setTimerMode
                0x00000dd0      0x54e MCAL/TIMER/TIMER_prog.o
 .text.__vector_9
                0x0000131e       0x60 MCAL/TIMER/TIMER_prog.o
                0x0000131e                __vector_9
 .text.__vector_11
                0x0000137e       0x60 MCAL/TIMER/TIMER_prog.o
                0x0000137e                __vector_11
 .text.TIMERx_setCallBack
                0x000013de       0x3a MCAL/TIMER/TIMER_prog.o
                0x000013de                TIMERx_setCallBack
 .text.TIMERx_init
                0x00001418       0x82 MCAL/TIMER/TIMER_prog.o
                0x00001418                TIMERx_init
 .text.TIMERx_start
                0x0000149a       0x1e MCAL/TIMER/TIMER_prog.o
                0x0000149a                TIMERx_start
 .text.TIMERx_setValue
                0x000014b8       0x2c MCAL/TIMER/TIMER_prog.o
                0x000014b8                TIMERx_setValue
 .text.TIMERx_stop
                0x000014e4       0x5a MCAL/TIMER/TIMER_prog.o
                0x000014e4                TIMERx_stop
 .text.libgcc   0x0000153e        0xc c:/program files (x86)/atmel/studio/7.0/toolchain/avr8/avr8-gnu-toolchain/bin/../lib/gcc/avr/5.4.0/avr5\libgcc.a(_tablejump2.o)
                0x0000153e                __tablejump2__
                0x0000154a                . = ALIGN (0x2)
 *(.fini9)
 .fini9         0x0000154a        0x0 c:/program files (x86)/atmel/studio/7.0/toolchain/avr8/avr8-gnu-toolchain/bin/../lib/gcc/avr/5.4.0/avr5\libgcc.a(_exit.o)
                0x0000154a                _exit
                0x0000154a                exit
 *(.fini9)
 *(.fini8)
 *(.fini8)
 *(.fini7)
 *(.fini7)
 *(.fini6)
 *(.fini6)
 *(.fini5)
 *(.fini5)
 *(.fini4)
 *(.fini4)
 *(.fini3)
 *(.fini3)
 *(.fini2)
 *(.fini2)
 *(.fini1)
 *(.fini1)
 *(.fini0)
 .fini0         0x0000154a        0x4 c:/program files (x86)/atmel/studio/7.0/toolchain/avr8/avr8-gnu-toolchain/bin/../lib/gcc/avr/5.4.0/avr5\libgcc.a(_exit.o)
 *(.fini0)
                0x0000154e                _etext = .

.data           0x00800060       0x24 load address 0x0000154e
                0x00800060                PROVIDE (__data_start, .)
 *(.data)
 *(.data*)
 .data.gs_enu_app_state
                0x00800060        0x1 APP/APP_prog.o
 *(.gnu.linkonce.d*)
 *(.rodata)
 *(.rodata*)
 .rodata.gc_st_timer_0
                0x00800061        0x8 APP/APP_prog.o
                0x00800061                gc_st_timer_0
 .rodata.gc_st_timer_1
                0x00800069        0x8 APP/APP_prog.o
                0x00800069                gc_st_timer_1
 .rodata.gc_str_motor_config
                0x00800071        0x6 APP/APP_prog.o
                0x00800071                gc_str_motor_config
 .rodata.gc_str_btn_config
                0x00800077        0x4 APP/APP_prog.o
                0x00800077                gc_str_btn_config
 .rodata.gc_st_leds_config
                0x0080007b        0x8 APP/APP_prog.o
                0x0080007b                gc_st_leds_config
 *(.gnu.linkonce.r*)
                0x00800084                . = ALIGN (0x2)
 *fill*         0x00800083        0x1 
                0x00800084                _edata = .
                0x00800084                PROVIDE (__data_end, .)

.bss            0x00800084       0x14
                0x00800084                PROVIDE (__bss_start, .)
 *(.bss)
 *(.bss*)
 .bss.gv_u8_pwm
                0x00800084        0x1 APP/APP_prog.o
                0x00800084                gv_u8_pwm
 .bss.gv_u8_delay
                0x00800085        0x1 APP/APP_prog.o
                0x00800085                gv_u8_delay
 .bss.gs_str_extim_config_0
                0x00800086        0x2 APP/APP_prog.o
 .bss.g_str_Timer
                0x00800088        0xa HAL/TIMER_manager/TIMER_manger_prog.o
 .bss.callback_EXT_0
                0x00800092        0x2 MCAL/EXTI/EXTI_prog.o
 .bss.g_Timer1_callBackPtr
                0x00800094        0x2 MCAL/TIMER/TIMER_prog.o
 .bss.g_Timer0_callBackPtr
                0x00800096        0x2 MCAL/TIMER/TIMER_prog.o
 *(COMMON)
                0x00800098                PROVIDE (__bss_end, .)
                0x0000154e                __data_load_start = LOADADDR (.data)
                0x00001572                __data_load_end = (__data_load_start + SIZEOF (.data))

.noinit         0x00800098        0x0
                [!provide]                PROVIDE (__noinit_start, .)
 *(.noinit*)
                [!provide]                PROVIDE (__noinit_end, .)
                0x00800098                _end = .
                [!provide]                PROVIDE (__heap_start, .)

.eeprom         0x00810000        0x0
 *(.eeprom*)
                0x00810000                __eeprom_end = .

.fuse
 *(.fuse)
 *(.lfuse)
 *(.hfuse)
 *(.efuse)

.lock
 *(.lock*)

.signature
 *(.signature*)

.user_signatures
 *(.user_signatures*)

.stab
 *(.stab)

.stabstr
 *(.stabstr)

.stab.excl
 *(.stab.excl)

.stab.exclstr
 *(.stab.exclstr)

.stab.index
 *(.stab.index)

.stab.indexstr
 *(.stab.indexstr)

.comment        0x00000000       0x30
 *(.comment)
 .comment       0x00000000       0x30 APP/APP_prog.o
                                 0x31 (size before relaxing)
 .comment       0x00000030       0x31 HAL/BUTTON/BUTTON_prog.o
 .comment       0x00000030       0x31 HAL/CAR_CONTROL/CAR_CONTROL_prog.o
 .comment       0x00000030       0x31 HAL/EXTI_manager/EXTI_manager_prog.o
 .comment       0x00000030       0x31 HAL/LED/LED_prog.o
 .comment       0x00000030       0x31 HAL/MOTOR/MOTOR_prog.o
 .comment       0x00000030       0x31 HAL/TIMER_manager/TIMER_manger_prog.o
 .comment       0x00000030       0x31 main.o
 .comment       0x00000030       0x31 MCAL/DIO/DIO_prog.o
 .comment       0x00000030       0x31 MCAL/EXTI/EXTI_prog.o
 .comment       0x00000030       0x31 MCAL/TIMER/TIMER_prog.o

.note.gnu.avr.deviceinfo
                0x00000000       0x3c
 .note.gnu.avr.deviceinfo
                0x00000000       0x3c C:/Program Files (x86)/Atmel/Studio/7.0/Packs/atmel/ATmega_DFP/1.6.364/gcc/dev/atmega32/avr5/crtatmega32.o

.note.gnu.build-id
 *(.note.gnu.build-id)

.debug
 *(.debug)

.line
 *(.line)

.debug_srcinfo
 *(.debug_srcinfo)

.debug_sfnames
 *(.debug_sfnames)

.debug_aranges  0x00000000      0x2a0
 *(.debug_aranges)
 .debug_aranges
                0x00000000       0x70 APP/APP_prog.o
 .debug_aranges
                0x00000070       0x28 HAL/BUTTON/BUTTON_prog.o
 .debug_aranges
                0x00000098       0x38 HAL/CAR_CONTROL/CAR_CONTROL_prog.o
 .debug_aranges
                0x000000d0       0x30 HAL/EXTI_manager/EXTI_manager_prog.o
 .debug_aranges
                0x00000100       0x30 HAL/LED/LED_prog.o
 .debug_aranges
                0x00000130       0x38 HAL/MOTOR/MOTOR_prog.o
 .debug_aranges
                0x00000168       0x38 HAL/TIMER_manager/TIMER_manger_prog.o
 .debug_aranges
                0x000001a0       0x20 main.o
 .debug_aranges
                0x000001c0       0x30 MCAL/DIO/DIO_prog.o
 .debug_aranges
                0x000001f0       0x40 MCAL/EXTI/EXTI_prog.o
 .debug_aranges
                0x00000230       0x70 MCAL/TIMER/TIMER_prog.o

.debug_pubnames
 *(.debug_pubnames)

.debug_info     0x00000000     0x30b2
 *(.debug_info .gnu.linkonce.wi.*)
 .debug_info    0x00000000      0x4e6 C:/Program Files (x86)/Atmel/Studio/7.0/Packs/atmel/ATmega_DFP/1.6.364/gcc/dev/atmega32/avr5/crtatmega32.o
 .debug_info    0x000004e6      0xbee APP/APP_prog.o
 .debug_info    0x000010d4      0x2c5 HAL/BUTTON/BUTTON_prog.o
 .debug_info    0x00001399      0x423 HAL/CAR_CONTROL/CAR_CONTROL_prog.o
 .debug_info    0x000017bc      0x267 HAL/EXTI_manager/EXTI_manager_prog.o
 .debug_info    0x00001a23      0x2da HAL/LED/LED_prog.o
 .debug_info    0x00001cfd      0x38b HAL/MOTOR/MOTOR_prog.o
 .debug_info    0x00002088      0x4dc HAL/TIMER_manager/TIMER_manger_prog.o
 .debug_info    0x00002564       0xac main.o
 .debug_info    0x00002610      0x274 MCAL/DIO/DIO_prog.o
 .debug_info    0x00002884      0x23c MCAL/EXTI/EXTI_prog.o
 .debug_info    0x00002ac0      0x5f2 MCAL/TIMER/TIMER_prog.o

.debug_abbrev   0x00000000      0xfa4
 *(.debug_abbrev)
 .debug_abbrev  0x00000000      0x4a3 C:/Program Files (x86)/Atmel/Studio/7.0/Packs/atmel/ATmega_DFP/1.6.364/gcc/dev/atmega32/avr5/crtatmega32.o
 .debug_abbrev  0x000004a3      0x1be APP/APP_prog.o
 .debug_abbrev  0x00000661      0x10d HAL/BUTTON/BUTTON_prog.o
 .debug_abbrev  0x0000076e       0xf5 HAL/CAR_CONTROL/CAR_CONTROL_prog.o
 .debug_abbrev  0x00000863       0xfc HAL/EXTI_manager/EXTI_manager_prog.o
 .debug_abbrev  0x0000095f       0xd5 HAL/LED/LED_prog.o
 .debug_abbrev  0x00000a34       0xf5 HAL/MOTOR/MOTOR_prog.o
 .debug_abbrev  0x00000b29      0x11f HAL/TIMER_manager/TIMER_manger_prog.o
 .debug_abbrev  0x00000c48       0x65 main.o
 .debug_abbrev  0x00000cad       0xa7 MCAL/DIO/DIO_prog.o
 .debug_abbrev  0x00000d54       0xd3 MCAL/EXTI/EXTI_prog.o
 .debug_abbrev  0x00000e27      0x17d MCAL/TIMER/TIMER_prog.o

.debug_line     0x00000000     0x227b
 *(.debug_line .debug_line.* .debug_line_end)
 .debug_line    0x00000000      0x116 C:/Program Files (x86)/Atmel/Studio/7.0/Packs/atmel/ATmega_DFP/1.6.364/gcc/dev/atmega32/avr5/crtatmega32.o
 .debug_line    0x00000116      0x607 APP/APP_prog.o
 .debug_line    0x0000071d      0x169 HAL/BUTTON/BUTTON_prog.o
 .debug_line    0x00000886      0x217 HAL/CAR_CONTROL/CAR_CONTROL_prog.o
 .debug_line    0x00000a9d      0x16a HAL/EXTI_manager/EXTI_manager_prog.o
 .debug_line    0x00000c07      0x169 HAL/LED/LED_prog.o
 .debug_line    0x00000d70      0x17b HAL/MOTOR/MOTOR_prog.o
 .debug_line    0x00000eeb      0x1ab HAL/TIMER_manager/TIMER_manger_prog.o
 .debug_line    0x00001096       0x61 main.o
 .debug_line    0x000010f7      0x209 MCAL/DIO/DIO_prog.o
 .debug_line    0x00001300      0x15d MCAL/EXTI/EXTI_prog.o
 .debug_line    0x0000145d      0xe1e MCAL/TIMER/TIMER_prog.o

.debug_frame    0x00000000      0x5d8
 *(.debug_frame)
 .debug_frame   0x00000000       0xdc APP/APP_prog.o
 .debug_frame   0x000000dc       0x6c HAL/BUTTON/BUTTON_prog.o
 .debug_frame   0x00000148       0x94 HAL/CAR_CONTROL/CAR_CONTROL_prog.o
 .debug_frame   0x000001dc       0x58 HAL/EXTI_manager/EXTI_manager_prog.o
 .debug_frame   0x00000234       0x44 HAL/LED/LED_prog.o
 .debug_frame   0x00000278       0x94 HAL/MOTOR/MOTOR_prog.o
 .debug_frame   0x0000030c       0x64 HAL/TIMER_manager/TIMER_manger_prog.o
 .debug_frame   0x00000370       0x24 main.o
 .debug_frame   0x00000394       0x44 MCAL/DIO/DIO_prog.o
 .debug_frame   0x000003d8       0xac MCAL/EXTI/EXTI_prog.o
 .debug_frame   0x00000484      0x154 MCAL/TIMER/TIMER_prog.o

.debug_str      0x00000000     0x13f8
 *(.debug_str)
 .debug_str     0x00000000      0x196 C:/Program Files (x86)/Atmel/Studio/7.0/Packs/atmel/ATmega_DFP/1.6.364/gcc/dev/atmega32/avr5/crtatmega32.o
 .debug_str     0x00000196      0x70d APP/APP_prog.o
                                0x7b2 (size before relaxing)
 .debug_str     0x000008a3      0x186 HAL/BUTTON/BUTTON_prog.o
                                0x37c (size before relaxing)
 .debug_str     0x00000a29       0xfc HAL/CAR_CONTROL/CAR_CONTROL_prog.o
                                0x350 (size before relaxing)
 .debug_str     0x00000b25       0xec HAL/EXTI_manager/EXTI_manager_prog.o
                                0x387 (size before relaxing)
 .debug_str     0x00000c11       0xdb HAL/LED/LED_prog.o
                                0x35a (size before relaxing)
 .debug_str     0x00000cec       0x5d HAL/MOTOR/MOTOR_prog.o
                                0x367 (size before relaxing)
 .debug_str     0x00000d49      0x40c HAL/TIMER_manager/TIMER_manger_prog.o
                                0x7ed (size before relaxing)
 .debug_str     0x00001155       0x11 main.o
                                0x1a7 (size before relaxing)
 .debug_str     0x00001166       0x79 MCAL/DIO/DIO_prog.o
                                0x330 (size before relaxing)
 .debug_str     0x000011df       0xb3 MCAL/EXTI/EXTI_prog.o
                                0x32a (size before relaxing)
 .debug_str     0x00001292      0x166 MCAL/TIMER/TIMER_prog.o
                                0x80e (size before relaxing)

.debug_loc      0x00000000     0x2007
 *(.debug_loc)
 .debug_loc     0x00000000       0x9c APP/APP_prog.o
 .debug_loc     0x0000009c      0x284 HAL/BUTTON/BUTTON_prog.o
 .debug_loc     0x00000320      0x568 HAL/CAR_CONTROL/CAR_CONTROL_prog.o
 .debug_loc     0x00000888      0x1f8 HAL/EXTI_manager/EXTI_manager_prog.o
 .debug_loc     0x00000a80      0x23d HAL/LED/LED_prog.o
 .debug_loc     0x00000cbd      0x2b8 HAL/MOTOR/MOTOR_prog.o
 .debug_loc     0x00000f75      0x28e HAL/TIMER_manager/TIMER_manger_prog.o
 .debug_loc     0x00001203      0x2f3 MCAL/DIO/DIO_prog.o
 .debug_loc     0x000014f6      0x1ed MCAL/EXTI/EXTI_prog.o
 .debug_loc     0x000016e3      0x924 MCAL/TIMER/TIMER_prog.o

.debug_macinfo
 *(.debug_macinfo)

.debug_weaknames
 *(.debug_weaknames)

.debug_funcnames
 *(.debug_funcnames)

.debug_typenames
 *(.debug_typenames)

.debug_varnames
 *(.debug_varnames)

.debug_pubtypes
 *(.debug_pubtypes)

.debug_ranges   0x00000000      0x1f0
 *(.debug_ranges)
 .debug_ranges  0x00000000       0x60 APP/APP_prog.o
 .debug_ranges  0x00000060       0x18 HAL/BUTTON/BUTTON_prog.o
 .debug_ranges  0x00000078       0x28 HAL/CAR_CONTROL/CAR_CONTROL_prog.o
 .debug_ranges  0x000000a0       0x20 HAL/EXTI_manager/EXTI_manager_prog.o
 .debug_ranges  0x000000c0       0x20 HAL/LED/LED_prog.o
 .debug_ranges  0x000000e0       0x28 HAL/MOTOR/MOTOR_prog.o
 .debug_ranges  0x00000108       0x28 HAL/TIMER_manager/TIMER_manger_prog.o
 .debug_ranges  0x00000130       0x10 main.o
 .debug_ranges  0x00000140       0x20 MCAL/DIO/DIO_prog.o
 .debug_ranges  0x00000160       0x30 MCAL/EXTI/EXTI_prog.o
 .debug_ranges  0x00000190       0x60 MCAL/TIMER/TIMER_prog.o

.debug_macro
 *(.debug_macro)
OUTPUT(Moving-Car-Project.elf elf32-avr)
LOAD linker stubs
